mode: set
ledabeer/backend/internal/crypto/identity.go:24.52,26.2 1 1
ledabeer/backend/internal/crypto/identity.go:29.83,31.16 2 1
ledabeer/backend/internal/crypto/identity.go:31.16,33.3 1 0
ledabeer/backend/internal/crypto/identity.go:35.2,38.8 1 1
ledabeer/backend/internal/crypto/identity.go:42.58,45.2 2 1
ledabeer/backend/internal/crypto/identity.go:48.46,50.2 1 1
ledabeer/backend/internal/crypto/identity.go:53.72,54.41 1 1
ledabeer/backend/internal/crypto/identity.go:54.41,56.3 1 0
ledabeer/backend/internal/crypto/identity.go:58.2,64.8 3 1
ledabeer/backend/internal/crypto/ratchet.go:23.74,30.2 1 1
ledabeer/backend/internal/crypto/ratchet.go:33.67,39.16 3 1
ledabeer/backend/internal/crypto/ratchet.go:39.16,41.3 1 0
ledabeer/backend/internal/crypto/ratchet.go:44.2,52.20 6 1
ledabeer/backend/internal/crypto/ratchet.go:56.68,57.25 1 1
ledabeer/backend/internal/crypto/ratchet.go:57.25,59.3 1 0
ledabeer/backend/internal/crypto/ratchet.go:62.2,65.32 2 1
ledabeer/backend/internal/crypto/ratchet.go:65.32,67.3 1 1
ledabeer/backend/internal/crypto/ratchet.go:70.2,74.16 3 1
ledabeer/backend/internal/crypto/ratchet.go:74.16,76.3 1 0
ledabeer/backend/internal/crypto/ratchet.go:79.2,82.23 3 1
ledabeer/backend/internal/crypto/ratchet.go:86.51,88.2 1 1
ledabeer/backend/internal/crypto/ratchet.go:91.43,93.2 1 1
ledabeer/backend/internal/crypto/ratchet.go:96.48,100.2 3 1
ledabeer/backend/internal/crypto/ratchet.go:103.66,105.16 2 1
ledabeer/backend/internal/crypto/ratchet.go:105.16,107.3 1 0
ledabeer/backend/internal/crypto/ratchet.go:109.2,110.16 2 1
ledabeer/backend/internal/crypto/ratchet.go:110.16,112.3 1 0
ledabeer/backend/internal/crypto/ratchet.go:114.2,115.59 2 1
ledabeer/backend/internal/crypto/ratchet.go:115.59,117.3 1 0
ledabeer/backend/internal/crypto/ratchet.go:119.2,120.24 2 1
ledabeer/backend/internal/crypto/ratchet.go:124.67,126.16 2 1
ledabeer/backend/internal/crypto/ratchet.go:126.16,128.3 1 0
ledabeer/backend/internal/crypto/ratchet.go:130.2,131.16 2 1
ledabeer/backend/internal/crypto/ratchet.go:131.16,133.3 1 0
ledabeer/backend/internal/crypto/ratchet.go:135.2,135.39 1 1
ledabeer/backend/internal/crypto/ratchet.go:135.39,137.3 1 0
ledabeer/backend/internal/crypto/ratchet.go:139.2,141.16 3 1
ledabeer/backend/internal/crypto/ratchet.go:141.16,143.3 1 0
ledabeer/backend/internal/crypto/ratchet.go:145.2,145.23 1 1
ledabeer/backend/internal/crypto/x3dh.go:30.36,44.2 6 1
ledabeer/backend/internal/crypto/x3dh.go:47.60,54.2 1 1
ledabeer/backend/internal/crypto/x3dh.go:57.89,58.51 1 1
ledabeer/backend/internal/crypto/x3dh.go:58.51,60.3 1 1
ledabeer/backend/internal/crypto/x3dh.go:63.2,69.42 4 1
ledabeer/backend/internal/crypto/x3dh.go:73.81,74.50 1 1
ledabeer/backend/internal/crypto/x3dh.go:74.50,76.3 1 0
ledabeer/backend/internal/crypto/x3dh.go:79.2,85.26 4 1
ledabeer/backend/internal/crypto/x3dh.go:89.117,97.2 5 1
ledabeer/backend/internal/network/host.go:16.67,23.2 2 1
ledabeer/backend/internal/network/stream.go:17.66,21.2 1 1
ledabeer/backend/internal/network/stream.go:24.55,29.16 3 1
ledabeer/backend/internal/network/stream.go:29.16,31.3 1 0
ledabeer/backend/internal/network/stream.go:34.2,34.17 1 1
ledabeer/backend/internal/network/stream.go:38.61,41.71 2 1
ledabeer/backend/internal/network/stream.go:41.71,43.3 1 0
ledabeer/backend/internal/network/stream.go:46.2,47.12 2 1
ledabeer/backend/internal/network/stream.go:51.57,56.71 3 1
ledabeer/backend/internal/network/stream.go:56.71,58.3 1 0
ledabeer/backend/internal/network/stream.go:61.2,63.16 3 1
ledabeer/backend/internal/network/stream.go:63.16,65.3 1 0
ledabeer/backend/internal/network/stream.go:67.2,67.18 1 1
